__hash:F
_hash:pb
_meta:Ga
_next:Ra
_rest:Ub
_seq:zb
afn:v
afterRender:Kb
arr:i
auto_run:Ha
base:Vb
beforeFlush:Lb
bitmap:V
buf:Wb
buffer_:Sa
captured:Xb
caught:Yb
chunk:Ia
cljs$core$APersistentVector$:Zb
cljs$core$Fn$:Ic
cljs$core$IAssociative$:Jc
cljs$core$IAssociative$_assoc$arity$3:Ja
cljs$core$IAssociative$_contains_key_QMARK_$arity$2:Ta
cljs$core$IChunk$_drop_first$arity$1:pc
cljs$core$IChunkedNext$_chunked_next$arity$1:qc
cljs$core$IChunkedSeq$:fd
cljs$core$IChunkedSeq$_chunked_first$arity$1:$b
cljs$core$IChunkedSeq$_chunked_rest$arity$1:Mb
cljs$core$ICollection$:gd
cljs$core$ICollection$_conj$arity$2:ia
cljs$core$ICounted$:rc
cljs$core$ICounted$_count$arity$1:ea
cljs$core$IDeref$_deref$arity$1:Ma
cljs$core$IDrop$:hd
cljs$core$IDrop$_drop$arity$2:Ua
cljs$core$IEditableCollection$:Kc
cljs$core$IEditableCollection$_as_transient$arity$1:qb
cljs$core$IEmptyableCollection$_empty$arity$1:oa
cljs$core$IEncodeJS$:Lc
cljs$core$IEncodeJS$_clj__GT_js$arity$1:Mc
cljs$core$IEquiv$_equiv$arity$2:Y
cljs$core$IFind$_find$arity$2:rb
cljs$core$IFn$:jd
cljs$core$IFn$_invoke$arity$0:J
cljs$core$IFn$_invoke$arity$1:g
cljs$core$IFn$_invoke$arity$10:Va
cljs$core$IFn$_invoke$arity$11:Wa
cljs$core$IFn$_invoke$arity$12:Xa
cljs$core$IFn$_invoke$arity$13:Ya
cljs$core$IFn$_invoke$arity$14:Za
cljs$core$IFn$_invoke$arity$15:$a
cljs$core$IFn$_invoke$arity$16:ab
cljs$core$IFn$_invoke$arity$17:bb
cljs$core$IFn$_invoke$arity$18:cb
cljs$core$IFn$_invoke$arity$19:eb
cljs$core$IFn$_invoke$arity$2:h
cljs$core$IFn$_invoke$arity$20:fb
cljs$core$IFn$_invoke$arity$21:ac
cljs$core$IFn$_invoke$arity$3:j
cljs$core$IFn$_invoke$arity$4:N
cljs$core$IFn$_invoke$arity$5:W
cljs$core$IFn$_invoke$arity$6:gb
cljs$core$IFn$_invoke$arity$7:hb
cljs$core$IFn$_invoke$arity$8:ib
cljs$core$IFn$_invoke$arity$9:jb
cljs$core$IFn$_invoke$arity$variadic:B
cljs$core$IHash$:kd
cljs$core$IHash$_hash$arity$1:aa
cljs$core$IIndexed$:sc
cljs$core$IIndexed$_nth$arity$2:ba
cljs$core$IIndexed$_nth$arity$3:wa
cljs$core$IIterable$:ld
cljs$core$IIterable$_iterator$arity$1:xa
cljs$core$IKVReduce$:Nc
cljs$core$IKVReduce$_kv_reduce$arity$3:Ab
cljs$core$IList$:md
cljs$core$ILookup$:Oc
cljs$core$ILookup$_lookup$arity$2:sa
cljs$core$ILookup$_lookup$arity$3:R
cljs$core$IMap$:nd
cljs$core$IMap$_dissoc$arity$2:bc
cljs$core$IMapEntry$:od
cljs$core$IMapEntry$_key$arity$1:Pc
cljs$core$IMapEntry$_val$arity$1:Qc
cljs$core$IMeta$:Rc
cljs$core$IMeta$_meta$arity$1:ca
cljs$core$INamed$:tc
cljs$core$INext$:Bb
cljs$core$INext$_next$arity$1:ta
cljs$core$IPrintWithWriter$:ha
cljs$core$IPrintWithWriter$_pr_writer$arity$3:Z
cljs$core$IRecord$:pd
cljs$core$IReduce$:Sc
cljs$core$IReduce$_reduce$arity$2:pa
cljs$core$IReduce$_reduce$arity$3:qa
cljs$core$IReset$_reset_BANG_$arity$2:za
cljs$core$ISeq$:sb
cljs$core$ISeq$_first$arity$1:ua
cljs$core$ISeq$_rest$arity$1:va
cljs$core$ISeqable$:Tc
cljs$core$ISeqable$_seq$arity$1:$
cljs$core$ISequential$:uc
cljs$core$ISet$:qd
cljs$core$ISet$_disjoin$arity$2:vc
cljs$core$IStack$_peek$arity$1:tb
cljs$core$IStack$_pop$arity$1:ub
cljs$core$ISwap$_swap_BANG_$arity$2:cc
cljs$core$ISwap$_swap_BANG_$arity$3:dc
cljs$core$ISwap$_swap_BANG_$arity$4:ec
cljs$core$ISwap$_swap_BANG_$arity$5:fc
cljs$core$ITransientAssociative$_assoc_BANG_$arity$3:vb
cljs$core$ITransientCollection$_conj_BANG_$arity$2:wb
cljs$core$ITransientCollection$_persistent_BANG_$arity$1:Cb
cljs$core$IVector$:rd
cljs$core$IVector$_assoc_n$arity$3:kb
cljs$core$IWatchable$_add_watch$arity$3:Nb
cljs$core$IWatchable$_notify_watches$arity$3:hc
cljs$core$IWatchable$_remove_watch$arity$2:Ob
cljs$core$IWithMeta$_with_meta$arity$2:fa
cljs$core$IWriter$_write$arity$2:wc
cljs$lang$applyTo:P
cljs$lang$ctorPrWriter:Uc
cljs$lang$ctorStr:Pb
cljs$lang$maxFixedArity:O
cljs$lang$protocol_mask$partition$:xc
cljs$lang$protocol_mask$partition0$:l
cljs$lang$protocol_mask$partition1$:G
cljs$lang$type:yc
cljsDOMValue:Qb
cljsInputDirty:zc
cljsInputLive:ic
cljsLegacyRender:Vc
cljsMountOrder:jc
cljsRenderedValue:Wc
cljsState:Xc
cnt:o
collision_hash:Ka
componentQueue:Rb
custom:Yc
dirty_QMARK_:Na
edit:U
editable_QMARK_:xb
ensure_editable:lb
fn:Db
fn_to_element:Ac
fqn:ya
hasNext:ja
has_nil_QMARK_:la
hash_map:Aa
i:s
inode_assoc:Ba
inode_assoc_BANG_:Ca
inode_find:Eb
inode_lookup:Oa
inode_seq:Fb
inode_without:Gb
inputEl:kc
iter:yb
kv_reduce:Hb
len:mb
meta:u
meta6552:Zc
meta8606:$c
more:Da
mseq:K
next_entry:Ib
next_iter:Ea
nil_val:ma
nocache_QMARK_:Bc
nodes:Fa
ns:Jb
on_dispose:Cc
on_dispose_arr:sd
on_set:ad
opts:bd
parse_fn:Sb
reagent$impl$protocols$Compiler$as_element$arity$2:Dc
reagent$impl$protocols$Compiler$get_id$arity$1:cd
reagent$impl$protocols$Compiler$make_element$arity$5:Ec
reagent$impl$protocols$Compiler$parse_tag$arity$3:Fc
reagent$ratom$IDisposable$dispose_BANG_$arity$1:lc
reagentInput:dd
reagentRefFn:Gc
reagentRender:Pa
rest:La
root_iter:Hc
s:I
sb:ed
scheduled_QMARK_:Tb
seen:mc
str:Qa
tail:ra
transient_map:nb
v:ga
val:da
validator:nc
vec:ka
watches:na
watchesArr:oc
watching:ob
