JSCompiler_StaticMethods_assoc_BANG_:tf
JSCompiler_StaticMethods_cljs$core$ITransientVector$_assoc_n_BANG_$arity$3:ze
JSCompiler_StaticMethods_sval:ld
JSCompiler_prototypeAlias:g
L 0:a
L 1:b
L 10:m
L 11:p
L 12:r
L 13:v
L 14:z
L 15:B
L 16:H
L 17:M
L 18:R
L 19:ba
L 2:c
L 20:na
L 21:Va
L 22:Zf
L 3:d
L 4:e
L 5:f
L 6:h
L 7:k
L 8:l
L 9:n
cljs$core$ArrayChunk:nd
cljs$core$ArrayNode:cf
cljs$core$ArrayNodeIterator:gf
cljs$core$ArrayNodeSeq:of
cljs$core$Atom:Md
cljs$core$BitmapIndexedNode:Ze
cljs$core$BitmapIndexedNode$EMPTY:bf
cljs$core$Box:Te
cljs$core$ChunkBuffer:md
cljs$core$ChunkedCons:od
cljs$core$ChunkedSeq:te
cljs$core$Cons:hd
cljs$core$ES6EntriesIterator:De
cljs$core$ES6Iterator:$b
cljs$core$ES6IteratorSeq:bc
cljs$core$ES6SetEntriesIterator:Fe
cljs$core$EmptyList:gd
cljs$core$Fn:wa
cljs$core$HashCollisionNode:lf
cljs$core$HashMapIter:qf
cljs$core$HashSetIter:Af
cljs$core$IAssociative:Ka
cljs$core$ICollection:Aa
cljs$core$ICounted:ya
cljs$core$IEncodeJS:$f
cljs$core$IFn:xa
cljs$core$IIndexed:Ca
cljs$core$IIndexed$_nth$dyn_7783:Da
cljs$core$IIterable:Db
cljs$core$IKVReduce:fb
cljs$core$IList:mb
cljs$core$ILookup:Ha
cljs$core$ILookup$_lookup$dyn_7795:Ja
cljs$core$IMap:Oa
cljs$core$IMeta:$a
cljs$core$INIT:Gd
cljs$core$INext:Ga
cljs$core$IPrintWithWriter:ob
cljs$core$IRecord:nb
cljs$core$IReduce:cb
cljs$core$IReduce$_reduce$dyn_7827:eb
cljs$core$ISeq:Ea
cljs$core$ISeqable:jb
cljs$core$ISequential:lb
cljs$core$ISet:Sa
cljs$core$ISwap$_swap_BANG_$dyn_7895:Cb
cljs$core$ITER_SYMBOL:qa
cljs$core$IVector:Xa
cljs$core$IndexedSeq:I
cljs$core$IndexedSeqIterator:tc
cljs$core$KeySeq:uf
cljs$core$Keyword:F
cljs$core$LazySeq:kd
cljs$core$List:yc
cljs$core$List$EMPTY:K
cljs$core$MapEntry:ge
cljs$core$MetaFn:Ec
cljs$core$NeverEquiv:Ae
cljs$core$NodeIterator:Ye
cljs$core$NodeSeq:mf
cljs$core$PROTOCOL_SENTINEL:t
cljs$core$PersistentArrayMap:Y
cljs$core$PersistentArrayMap$EMPTY:Ed
cljs$core$PersistentArrayMap$HASHMAP_THRESHOLD:Me
cljs$core$PersistentArrayMap$createAsIfByAssoc:Bc
cljs$core$PersistentArrayMap$createAsIfByAssocComplexPath:Re
cljs$core$PersistentArrayMapIterator:Ie
cljs$core$PersistentArrayMapSeq:He
cljs$core$PersistentHashMap:rf
cljs$core$PersistentHashMap$EMPTY:Ne
cljs$core$PersistentHashSet:Bf
cljs$core$PersistentHashSet$EMPTY:Df
cljs$core$PersistentVector:X
cljs$core$PersistentVector$EMPTY:xc
cljs$core$PersistentVector$EMPTY_NODE:he
cljs$core$PersistentVector$fromArray:ne
cljs$core$RangedIterator:ce
cljs$core$Reduced:hc
cljs$core$START:Hd
cljs$core$SeqIter:Id
cljs$core$StringBufferWriter:Gb
cljs$core$Subvec:ve
cljs$core$Symbol:Sb
cljs$core$TransientArrayMap:Le
cljs$core$TransientHashMap:sf
cljs$core$TransientHashSet:Cf
cljs$core$TransientVector:ie
cljs$core$ValSeq:vf
cljs$core$VectorNode:Sd
cljs$core$_EQ_:O
cljs$core$_STAR_print_level_STAR_:la
cljs$core$__destructure_map:Dd
cljs$core$_add_watch:qb
cljs$core$_as_transient:tb
cljs$core$_assoc:Ma
cljs$core$_assoc_BANG_:wb
cljs$core$_assoc_n:Ya
cljs$core$_chunked_first:yb
cljs$core$_chunked_rest:zb
cljs$core$_clj__GT_js:ag
cljs$core$_conj:Ba
cljs$core$_conj_BANG_:ub
cljs$core$_contains_key_QMARK_:La
cljs$core$_count:za
cljs$core$_deref:Za
cljs$core$_disjoin:Ta
cljs$core$_dissoc:Pa
cljs$core$_drop:Fb
cljs$core$_drop_first:xb
cljs$core$_equiv:hb
cljs$core$_find:Na
cljs$core$_first:C
cljs$core$_hash:ib
cljs$core$_indexOf$cljs$0core$0IFn$0_invoke$0arity$03:P
cljs$core$_iterator:Eb
cljs$core$_key:Qa
cljs$core$_kv_reduce:gb
cljs$core$_lastIndexOf$cljs$0core$0IFn$0_invoke$0arity$03:S
cljs$core$_lookup:Ia
cljs$core$_meta:ab
cljs$core$_nth:A
cljs$core$_peek:Ua
cljs$core$_persistent_BANG_:vb
cljs$core$_pop:Wa
cljs$core$_pr_writer:pb
cljs$core$_reduce:db
cljs$core$_remove_watch:sb
cljs$core$_reset_BANG_:Ab
cljs$core$_rest:Fa
cljs$core$_seq:kb
cljs$core$_swap_BANG_:Bb
cljs$core$_val:Ra
cljs$core$_with_meta:bb
cljs$core$_write:D
cljs$core$aclone:ra
cljs$core$apply:Fc
cljs$core$apply$cljs$0core$0IFn$0_invoke$0arity$02:zd
cljs$core$apply$cljs$0core$0IFn$0_invoke$0arity$03:Ad
cljs$core$apply$cljs$0core$0IFn$0_invoke$0arity$05:Bd
cljs$core$apply$cljs$0core$0IFn$0_invoke$0arity$0variadic:Cd
cljs$core$apply_to:td
cljs$core$apply_to_simple$cljs$0core$0IFn$0_invoke$0arity$03:vd
cljs$core$apply_to_simple$cljs$0core$0IFn$0_invoke$0arity$04:wd
cljs$core$apply_to_simple$cljs$0core$0IFn$0_invoke$0arity$05:xd
cljs$core$apply_to_simple$cljs$0core$0IFn$0_invoke$0arity$06:yd
cljs$core$array_QMARK_:ma
cljs$core$array__GT_transient_hash_map:Se
cljs$core$array_copy:Rc
cljs$core$array_for:$d
cljs$core$array_index_of:Ge
cljs$core$array_reduce$cljs$0core$0IFn$0_invoke$0arity$02:mc
cljs$core$array_reduce$cljs$0core$0IFn$0_invoke$0arity$03:nc
cljs$core$array_reduce$cljs$0core$0IFn$0_invoke$0arity$04:oc
cljs$core$assoc:Ac
cljs$core$bit_count:fd
cljs$core$boolean$0:Tc
cljs$core$bounded_count:rd
cljs$core$build_subvec:we
cljs$core$char_escapes:Jf
cljs$core$chunk_append:qd
cljs$core$chunk_cons:pd
cljs$core$chunked_seq:me
cljs$core$chunked_seq$cljs$0core$0IFn$0_invoke$0arity$04:le
cljs$core$chunked_seq$cljs$0core$0IFn$0_invoke$0arity$05:ue
cljs$core$chunked_seq_QMARK_:Qc
cljs$core$ci_reduce$cljs$0core$0IFn$0_invoke$0arity$02:kc
cljs$core$ci_reduce$cljs$0core$0IFn$0_invoke$0arity$03:lc
cljs$core$clj__GT_js:cg
cljs$core$clone_and_set$cljs$0core$0IFn$0_invoke$0arity$03:Ue
cljs$core$coll_QMARK_:Kc
cljs$core$conj:wc
cljs$core$cons:T
cljs$core$contains_QMARK_:Wc
cljs$core$count:Q
cljs$core$counted_QMARK_:pc
cljs$core$create_array_node_seq:jf
cljs$core$create_array_node_seq$cljs$0core$0IFn$0_invoke$0arity$01:hf
cljs$core$create_array_node_seq$cljs$0core$0IFn$0_invoke$0arity$03:pf
cljs$core$create_inode_seq:af
cljs$core$create_inode_seq$cljs$0core$0IFn$0_invoke$0arity$01:$e
cljs$core$create_inode_seq$cljs$0core$0IFn$0_invoke$0arity$03:nf
cljs$core$create_node:ef
cljs$core$create_node$cljs$0core$0IFn$0_invoke$0arity$06:ff
cljs$core$create_node$cljs$0core$0IFn$0_invoke$0arity$07:df
cljs$core$deref:jc
cljs$core$disj:Ic
cljs$core$dissoc:Cc
cljs$core$do_assoc:ae
cljs$core$drop$cljs$0core$0IFn$0_invoke$0arity$02:Pd
cljs$core$drop_last$cljs$0core$0IFn$0_invoke$0arity$02:Qd
cljs$core$edit_and_set$cljs$0core$0IFn$0_invoke$0arity$04:We
cljs$core$empty_QMARK_:Jc
cljs$core$empty_ordered_hash:dc
cljs$core$empty_unordered_hash:fc
cljs$core$equiv_map:Ce
cljs$core$equiv_sequential:uc
cljs$core$es6_entries_iterator:Ee
cljs$core$es6_iterator:ac
cljs$core$es6_iterator_seq:Yb
cljs$core$every_QMARK_:Jd
cljs$core$first:J
cljs$core$fn_QMARK_:Dc
cljs$core$gensym$cljs$0core$0IFn$0_invoke$0arity$01:Yf
cljs$core$gensym_counter:Xf
cljs$core$get:Ub
cljs$core$get$cljs$0core$0IFn$0_invoke$0arity$02:Tb
cljs$core$get$cljs$0core$0IFn$0_invoke$0arity$03:Vb
cljs$core$hash:Qb
cljs$core$hash_collision_node_find_index:kf
cljs$core$hash_combine:Rb
cljs$core$hash_ordered_coll:cc
cljs$core$hash_string:Pb
cljs$core$hash_unordered_coll:ec
cljs$core$identity:cd
cljs$core$ifn_QMARK_:Uc
cljs$core$imul:Ib
cljs$core$inc:gc
cljs$core$indexed_QMARK_:qc
cljs$core$inode_kv_reduce:Xe
cljs$core$integer_QMARK_:Vc
cljs$core$into:Rd
cljs$core$into_array$cljs$0core$0IFn$0_invoke$0arity$01:sa
cljs$core$into_array$cljs$0core$0IFn$0_invoke$0arity$02:ta
cljs$core$iter_reduce$cljs$0core$0IFn$0_invoke$0arity$02:Zc
cljs$core$iter_reduce$cljs$0core$0IFn$0_invoke$0arity$03:$c
cljs$core$iterable_QMARK_:Xb
cljs$core$keep$cljs$0core$0IFn$0_invoke$0arity$02:Ld
cljs$core$key:qe
cljs$core$key__GT_js$cljs$0core$0IFn$0_invoke$0arity$02:bg
cljs$core$key_test:Oe
cljs$core$keys:Je
cljs$core$keyword:jd
cljs$core$lift_ns:Uf
cljs$core$linear_traversal_nth$cljs$0core$0IFn$0_invoke$0arity$03:zc
cljs$core$lookup_sentinel:Sc
cljs$core$m3_fmix:Lb
cljs$core$m3_hash_unencoded_chars:Mb
cljs$core$m3_mix_H1:Kb
cljs$core$m3_mix_K1:Jb
cljs$core$map:W
cljs$core$map_QMARK_:Nc
cljs$core$map_entry_QMARK_:pe
cljs$core$merge:wf
cljs$core$meta:Hc
cljs$core$missing_protocol:x
cljs$core$name:V
cljs$core$namespace:id
cljs$core$native_satisfies_QMARK_:w
cljs$core$never_equiv:Be
cljs$core$new_path:Wd
cljs$core$next:N
cljs$core$next_STAR_:ud
cljs$core$not:oa
cljs$core$nth:sc
cljs$core$nth$cljs$0core$0IFn$0_invoke$0arity$02:rc
cljs$core$nth$cljs$0core$0IFn$0_invoke$0arity$03:U
cljs$core$pam_grow_seed_array:Qe
cljs$core$pam_new_size:Pe
cljs$core$pop_tail:be
cljs$core$pr_sequential_writer:Ff
cljs$core$pr_str_STAR_:Hb
cljs$core$pr_str_with_opts:Sf
cljs$core$pr_writer:Z
cljs$core$pr_writer_impl:Nf
cljs$core$prim_seq$cljs$0core$0IFn$0_invoke$0arity$02:vc
cljs$core$print_map:Of
cljs$core$print_meta_QMARK_:Lf
cljs$core$print_prefix_map:Vf
cljs$core$push_tail:Xd
cljs$core$pv_clone_node:Ud
cljs$core$pv_fresh_node:Td
cljs$core$pv_reduce$cljs$0core$0IFn$0_invoke$0arity$04:ee
cljs$core$pv_reduce$cljs$0core$0IFn$0_invoke$0arity$05:fe
cljs$core$quot:ed
cljs$core$quote_string:Kf
cljs$core$ranged_iterator:de
cljs$core$record_QMARK_:Oc
cljs$core$reduce:va
cljs$core$reduce$cljs$0core$0IFn$0_invoke$0arity$02:ad
cljs$core$reduce$cljs$0core$0IFn$0_invoke$0arity$03:ua
cljs$core$reduce_kv:bd
cljs$core$reduced_QMARK_:ic
cljs$core$remove_pair:Ve
cljs$core$reset_BANG_:Nd
cljs$core$rest:Zb
cljs$core$select_keys:xf
cljs$core$seq:G
cljs$core$seq_reduce$cljs$0core$0IFn$0_invoke$0arity$02:Xc
cljs$core$seq_reduce$cljs$0core$0IFn$0_invoke$0arity$03:Yc
cljs$core$sequential_QMARK_:Mc
cljs$core$set:Ef
cljs$core$set_QMARK_:Lc
cljs$core$some:Kd
cljs$core$spread:sd
cljs$core$str:E
cljs$core$str_:y
cljs$core$string_hash_cache:Nb
cljs$core$string_hash_cache_count:Ob
cljs$core$strip_ns:Tf
cljs$core$swap_BANG_:Od
cljs$core$symbol:Wb
cljs$core$t_cljs$0core6551:Fd
cljs$core$tail_off:Vd
cljs$core$transduce$cljs$0core$0IFn$0_invoke$0arity$04:dd
cljs$core$truth_:u
cljs$core$tv_editable_root:je
cljs$core$tv_editable_tail:ke
cljs$core$tv_ensure_editable:xe
cljs$core$tv_push_tail:ye
cljs$core$type__GT_str:pa
cljs$core$unchecked_array_for:Zd
cljs$core$val:re
cljs$core$vals:Ke
cljs$core$vec:oe
cljs$core$vector:se
cljs$core$vector_QMARK_:Pc
cljs$core$vector_index_out_of_bounds:Yd
cljs$core$with_meta:Gc
cljs$core$write_all$cljs$0core$0IFn$0_invoke$0arity$0variadic:If
cljs$cst$1$readably:Pf
cljs$cst$10$fallback_impl:Rf
cljs$cst$100$cljsLegacyRender:vg
cljs$cst$101$childContextTypes:Cg
cljs$cst$102$contextTypes:Lg
cljs$cst$103$contextType:Ng
cljs$cst$104$getDerivedStateFromProps:tg
cljs$cst$105$getDerivedStateFromError:eg
cljs$cst$106$getInitialState:zg
cljs$cst$107$constructor:jg
cljs$cst$108$reagent_render:Kg
cljs$cst$109$on_write:hg
cljs$cst$11$val:Wf
cljs$cst$110$display_name:xg
cljs$cst$111$component_did_update:Ig
cljs$cst$112$component_will_unmount:Gg
cljs$cst$116$id:Mg
cljs$cst$117$className:mg
cljs$cst$123$function_components:Ag
cljs$cst$124$parse_tag:ug
cljs$cst$125$_GT_:Dg
cljs$cst$126$background_color:kg
cljs$cst$127$display:Qg
cljs$cst$128$justify_content:Ug
cljs$cst$129$align_items:wg
cljs$cst$130$font_size:pg
cljs$cst$131$color:Tg
cljs$cst$132$div:Eg
cljs$cst$133$component:ng
cljs$cst$134$durationInFrames:gg
cljs$cst$135$fps:sg
cljs$cst$136$width:yg
cljs$cst$137$height:qg
cljs$cst$2$meta:Mf
cljs$cst$20$keyword_fn:dg
cljs$cst$4$print_length:Gf
cljs$cst$5$validator:fg
cljs$cst$6$cljs_DOT_core_SLASH_not_found:zf
cljs$cst$64$name:Fg
cljs$cst$68$class:Hg
cljs$cst$69$style:og
cljs$cst$70$key:Og
cljs$cst$79$on_dispose:Rg
cljs$cst$8$more_marker:Hf
cljs$cst$82$auto_run:rg
cljs$cst$86$on_set:Vg
cljs$cst$87$no_cache:lg
cljs$cst$9$alt_impl:Qf
cljs$cst$95$shouldComponentUpdate:Bg
cljs$cst$96$componentWillUnmount:ig
cljs$cst$97$reagentRender:Jg
cljs$cst$98$render:Pg
cljs$cst$99$displayName:Sg
clojure$set$difference:Dh
clojure$string$join$cljs$0core$0IFn$0_invoke$0arity$02:eh
clojure$string$replace:dh
clojure$string$replace_all:bh
clojure$string$replace_with:ch
clojure$string$split$cljs$0core$0IFn$0_invoke$0arity$03:fh
cur$jscomp$inline_1063:Vi
fn_to_element$jscomp$inline_793:Pi
goog$UID_PROPERTY_:da
goog$getUid:ca
goog$global:aa
goog$string$StringBuffer:ka
goog$typeOf:q
goog$uidCounter_:ea
id$jscomp$inline_792:Oi
module$contents$goog$object_PROTOTYPE_FIELDS:ia
module$contents$goog$object_extend:ja
module$contents$goog$object_get:ha
module$contents$goog$object_getKeys:fa
module$node_modules$react$index:$g
module$node_modules$remotion$dist$cjs$index:ah
my_video$core$my_scene:Ri
my_video$core$root:Si
object$jscomp$inline_1059:Ti
opts$jscomp$inline_791:Ni
parse_fn$jscomp$inline_794:Qi
part$jscomp$inline_1064:Wi
parts$jscomp$inline_1062:Ui
reagent$impl$batching$RenderQueue:wh
reagent$impl$batching$compare_mount_order:sh
reagent$impl$batching$enqueue:vh
reagent$impl$batching$fake_raf:qh
reagent$impl$batching$mount_count:ph
reagent$impl$batching$next_tick:rh
reagent$impl$batching$queue_render:yh
reagent$impl$batching$ratom_flush:th
reagent$impl$batching$render_queue:xh
reagent$impl$batching$run_funs:uh
reagent$impl$component$_STAR_current_component_STAR_:Vh
reagent$impl$component$as_class:ii
reagent$impl$component$built_in_static_method_names:yf
reagent$impl$component$cache_react_class:hi
reagent$impl$component$camelify_map_keys:ci
reagent$impl$component$cljsify:fi
reagent$impl$component$create_class:gi
reagent$impl$component$custom_wrapper:$h
reagent$impl$component$dash_to_method_name:bi
reagent$impl$component$functional_render:ki
reagent$impl$component$functional_render_fn:mi
reagent$impl$component$functional_render_memo_fn:li
reagent$impl$component$functional_wrap_render:ji
reagent$impl$component$map_to_js:ei
reagent$impl$component$obligatory:ai
reagent$impl$component$props_argv:Wh
reagent$impl$component$rat_opts:Uh
reagent$impl$component$react_class_QMARK_:Yh
reagent$impl$component$reagent_class_QMARK_:Xh
reagent$impl$component$wrap_funs:di
reagent$impl$component$wrap_render:Zh
reagent$impl$input$_STAR_force_set_dom_value_STAR_:oi
reagent$impl$input$input_component_set_value:qi
reagent$impl$input$input_handle_change:ri
reagent$impl$input$input_node_set_value:pi
reagent$impl$input$input_render_setup:si
reagent$impl$input$input_spec:ti
reagent$impl$input$these_inputs_have_selection_api:ni
reagent$impl$protocols$as_element:Bh
reagent$impl$protocols$get_id:zh
reagent$impl$protocols$make_element:Ch
reagent$impl$protocols$parse_tag:Ah
reagent$impl$template$HiccupTag:Di
reagent$impl$template$_STAR_current_default_compiler_STAR_:Mi
reagent$impl$template$cache_get:wi
reagent$impl$template$convert_custom_prop_value:Bi
reagent$impl$template$convert_prop_value:yi
reagent$impl$template$custom_kv_conv:Ai
reagent$impl$template$custom_prop_name_cache:zi
reagent$impl$template$expand_seq:Ji
reagent$impl$template$function_element:Fi
reagent$impl$template$kv_conv:xi
reagent$impl$template$make_element:Ci
reagent$impl$template$maybe_function_element:Gi
reagent$impl$template$native_element:Ii
reagent$impl$template$prop_name_cache:vi
reagent$impl$template$re_tag:ui
reagent$impl$template$reag_element:Ei
reagent$impl$template$t_reagent$0impl$0template8605:Li
reagent$impl$template$tag_name_cache:Hi
reagent$impl$template$vec_to_elem:Ki
reagent$impl$util$capitalize:ih
reagent$impl$util$class_names:mh
reagent$impl$util$dash_to_prop_name:jh
reagent$impl$util$dont_camel_case:hh
reagent$impl$util$fun_name:kh
reagent$impl$util$get_react_key:nh
reagent$impl$util$is_client:gh
reagent$impl$util$named_QMARK_:lh
reagent$impl$util$react_key_from_vec:oh
reagent$ratom$RAtom:Mh
reagent$ratom$Reaction:Ph
reagent$ratom$_STAR_ratom_context_STAR_:Eh
reagent$ratom$add_w:Hh
reagent$ratom$atom:Nh
reagent$ratom$deref_capture:Fh
reagent$ratom$dispose_BANG_:Oh
reagent$ratom$flush_BANG_:Qh
reagent$ratom$handle_reaction_change:rb
reagent$ratom$make_reaction:Rh
reagent$ratom$notify_deref_watcher_BANG_:Gh
reagent$ratom$notify_w:Jh
reagent$ratom$pr_atom:Kh
reagent$ratom$rea_queue:Lh
reagent$ratom$remove_w:Ih
reagent$ratom$run_in_reaction:Th
reagent$ratom$temp_reaction:Sh
shadow$js$files:Wg
shadow$js$jsRequire:Zg
shadow$js$nativeProvides:Xg
shadow$js$requireStack:Yg
